---
source: tests/human_output.rs
expression: stderr
---
  × schema(load): No such file or directory (os error 2)
   ╭─[[fixtures]/schema-load-error.json:1:14]
 1 │ { "$schema": "./nonexistent-schema.json", "name": "test" }
   ·              ─────────────┬─────────────
   ·                           ╰── schema referenced here
   ╰────


✗ Found 1 error in 1 file
  Checked 1 file ([duration])
