---
source: tests/human_output.rs
expression: stderr
---
  × schema(oneOf): 5 is valid under more than one of the schemas listed in the
  │ 'oneOf' keyword
   ╭─[[fixtures]/oneOf-multipleValid-invalid.json:1:12]
 1 │ { "value": 5 }
   ·            ┬
   ·            ╰── multiple schemas matched
   ╰────
  help: The value must match exactly one schema, but it matches multiple.


✗ Found 1 error in 1 file
  Checked 1 file ([duration])
